{"level":"info","message":"✅  MySQL conectado com sucesso","timestamp":"2026-04-11 14:03:26"}
{"level":"info","message":"🚀  Servidor a correr em http://localhost:3001","timestamp":"2026-04-11 14:03:26"}
{"level":"info","message":"📚  API disponível em  http://localhost:3001/api","timestamp":"2026-04-11 14:03:26"}
{"level":"error","message":"Credenciais inválidas","stack":"Error: Credenciais inválidas\n    at login (/Users/insali100147/Documents/dev/projetos web/files/src/controllers/authController.ts:31:21)","timestamp":"2026-04-11 14:15:49","url":"/api/auth/login"}
{"level":"info","message":"✅  MySQL conectado com sucesso","timestamp":"2026-04-11 14:18:48"}
{"level":"info","message":"🚀  Servidor a correr em http://localhost:3001","timestamp":"2026-04-11 14:18:48"}
{"level":"info","message":"📚  API disponível em  http://localhost:3001/api","timestamp":"2026-04-11 14:18:48"}
{"level":"info","message":"✅  MySQL conectado com sucesso","timestamp":"2026-04-11 14:19:03"}
{"level":"info","message":"🚀  Servidor a correr em http://localhost:3001","timestamp":"2026-04-11 14:19:03"}
{"level":"info","message":"📚  API disponível em  http://localhost:3001/api","timestamp":"2026-04-11 14:19:03"}
{"level":"info","message":"✅  MySQL conectado com sucesso","timestamp":"2026-04-11 14:20:54"}
{"level":"info","message":"🚀  Servidor a correr em http://localhost:3001","timestamp":"2026-04-11 14:20:54"}
{"level":"info","message":"📚  API disponível em  http://localhost:3001/api","timestamp":"2026-04-11 14:20:54"}
{"level":"info","message":"✅  MySQL conectado com sucesso","timestamp":"2026-04-11 14:21:09"}
{"level":"info","message":"🚀  Servidor a correr em http://localhost:3001","timestamp":"2026-04-11 14:21:09"}
{"level":"info","message":"📚  API disponível em  http://localhost:3001/api","timestamp":"2026-04-11 14:21:09"}
{"level":"info","message":"✅  MySQL conectado com sucesso","timestamp":"2026-04-11 14:21:24"}
{"level":"info","message":"🚀  Servidor a correr em http://localhost:3001","timestamp":"2026-04-11 14:21:24"}
{"level":"info","message":"📚  API disponível em  http://localhost:3001/api","timestamp":"2026-04-11 14:21:24"}
{"level":"info","message":"✅  MySQL conectado com sucesso","timestamp":"2026-04-12 13:43:01"}
{"level":"info","message":"🚀  Servidor a correr em http://localhost:3001","timestamp":"2026-04-12 13:43:01"}
{"level":"info","message":"📚  API disponível em  http://localhost:3001/api","timestamp":"2026-04-12 13:43:01"}
{"level":"info","message":"✅  MySQL conectado com sucesso","timestamp":"2026-04-12 14:35:14"}
{"level":"info","message":"🚀  Servidor a correr em http://localhost:3001","timestamp":"2026-04-12 14:35:14"}
{"level":"info","message":"📚  API disponível em  http://localhost:3001/api","timestamp":"2026-04-12 14:35:14"}
{"level":"info","message":"✅  MySQL conectado com sucesso","timestamp":"2026-04-12 14:37:21"}
{"level":"info","message":"🚀  Servidor a correr em http://localhost:3001","timestamp":"2026-04-12 14:37:21"}
{"level":"info","message":"📚  API disponível em  http://localhost:3001/api","timestamp":"2026-04-12 14:37:21"}
{"level":"info","message":"✅  MySQL conectado com sucesso","timestamp":"2026-04-12 14:37:44"}
{"level":"info","message":"🚀  Servidor a correr em http://localhost:3001","timestamp":"2026-04-12 14:37:44"}
{"level":"info","message":"📚  API disponível em  http://localhost:3001/api","timestamp":"2026-04-12 14:37:44"}
{"level":"info","message":"✅  MySQL conectado com sucesso","timestamp":"2026-04-12 14:39:27"}
{"level":"info","message":"🚀  Servidor a correr em http://localhost:3001","timestamp":"2026-04-12 14:39:27"}
{"level":"info","message":"📚  API disponível em  http://localhost:3001/api","timestamp":"2026-04-12 14:39:27"}
{"level":"info","message":"✅  MySQL conectado com sucesso","timestamp":"2026-04-12 15:26:42"}
{"level":"info","message":"🚀  Servidor a correr em http://localhost:3001","timestamp":"2026-04-12 15:26:42"}
{"level":"info","message":"📚  API disponível em  http://localhost:3001/api","timestamp":"2026-04-12 15:26:42"}
{"level":"info","message":"✅  MySQL conectado com sucesso","timestamp":"2026-04-12 15:27:48"}
{"level":"info","message":"🚀  Servidor a correr em http://localhost:3001","timestamp":"2026-04-12 15:27:48"}
{"level":"info","message":"📚  API disponível em  http://localhost:3001/api","timestamp":"2026-04-12 15:27:48"}
{"level":"info","message":"✅  MySQL conectado com sucesso","timestamp":"2026-04-12 15:29:35"}
{"level":"info","message":"🚀  Servidor a correr em http://localhost:3001","timestamp":"2026-04-12 15:29:35"}
{"level":"info","message":"📚  API disponível em  http://localhost:3001/api","timestamp":"2026-04-12 15:29:35"}
{"level":"info","message":"✅  MySQL conectado com sucesso","timestamp":"2026-04-12 15:29:37"}
{"level":"info","message":"🚀  Servidor a correr em http://localhost:3001","timestamp":"2026-04-12 15:29:37"}
{"level":"info","message":"📚  API disponível em  http://localhost:3001/api","timestamp":"2026-04-12 15:29:37"}
{"level":"info","message":"✅  MySQL conectado com sucesso","timestamp":"2026-04-12 15:32:26"}
{"level":"info","message":"🚀  Servidor a correr em http://localhost:3001","timestamp":"2026-04-12 15:32:26"}
{"level":"info","message":"📚  API disponível em  http://localhost:3001/api","timestamp":"2026-04-12 15:32:26"}
{"level":"info","message":"✅  MySQL conectado com sucesso","timestamp":"2026-04-12 15:33:39"}
{"level":"info","message":"🚀  Servidor a correr em http://localhost:3001","timestamp":"2026-04-12 15:33:39"}
{"level":"info","message":"📚  API disponível em  http://localhost:3001/api","timestamp":"2026-04-12 15:33:39"}
{"level":"error","message":"CORS non autorisé par la configuration","stack":"Error: CORS non autorisé par la configuration\n    at origin (/Users/insali100147/Documents/dev/projetos web/files/src/index.ts:36:16)\n    at /Users/insali100147/Documents/dev/projetos web/files/node_modules/cors/lib/index.js:219:13\n    at optionsCallback (/Users/insali100147/Documents/dev/projetos web/files/node_modules/cors/lib/index.js:199:9)\n    at corsMiddleware (/Users/insali100147/Documents/dev/projetos web/files/node_modules/cors/lib/index.js:204:7)\n    at Layer.handle [as handle_request] (/Users/insali100147/Documents/dev/projetos web/files/node_modules/express/lib/router/layer.js:95:5)\n    at trim_prefix (/Users/insali100147/Documents/dev/projetos web/files/node_modules/express/lib/router/index.js:328:13)\n    at /Users/insali100147/Documents/dev/projetos web/files/node_modules/express/lib/router/index.js:286:9\n    at Function.process_params (/Users/insali100147/Documents/dev/projetos web/files/node_modules/express/lib/router/index.js:346:12)\n    at next (/Users/insali100147/Documents/dev/projetos web/files/node_modules/express/lib/router/index.js:280:10)\n    at internalNext (/Users/insali100147/Documents/dev/projetos web/files/node_modules/helmet/index.cjs:537:6)","timestamp":"2026-04-12 15:34:10","url":"/health"}
{"level":"error","message":"CORS non autorisé par la configuration","stack":"Error: CORS non autorisé par la configuration\n    at origin (/Users/insali100147/Documents/dev/projetos web/files/src/index.ts:36:16)\n    at /Users/insali100147/Documents/dev/projetos web/files/node_modules/cors/lib/index.js:219:13\n    at optionsCallback (/Users/insali100147/Documents/dev/projetos web/files/node_modules/cors/lib/index.js:199:9)\n    at corsMiddleware (/Users/insali100147/Documents/dev/projetos web/files/node_modules/cors/lib/index.js:204:7)\n    at Layer.handle [as handle_request] (/Users/insali100147/Documents/dev/projetos web/files/node_modules/express/lib/router/layer.js:95:5)\n    at trim_prefix (/Users/insali100147/Documents/dev/projetos web/files/node_modules/express/lib/router/index.js:328:13)\n    at /Users/insali100147/Documents/dev/projetos web/files/node_modules/express/lib/router/index.js:286:9\n    at Function.process_params (/Users/insali100147/Documents/dev/projetos web/files/node_modules/express/lib/router/index.js:346:12)\n    at next (/Users/insali100147/Documents/dev/projetos web/files/node_modules/express/lib/router/index.js:280:10)\n    at internalNext (/Users/insali100147/Documents/dev/projetos web/files/node_modules/helmet/index.cjs:537:6)","timestamp":"2026-04-12 15:34:10","url":"/api/projetos?estado=ativo&limit=3"}
{"level":"error","message":"CORS non autorisé par la configuration","stack":"Error: CORS non autorisé par la configuration\n    at origin (/Users/insali100147/Documents/dev/projetos web/files/src/index.ts:36:16)\n    at /Users/insali100147/Documents/dev/projetos web/files/node_modules/cors/lib/index.js:219:13\n    at optionsCallback (/Users/insali100147/Documents/dev/projetos web/files/node_modules/cors/lib/index.js:199:9)\n    at corsMiddleware (/Users/insali100147/Documents/dev/projetos web/files/node_modules/cors/lib/index.js:204:7)\n    at Layer.handle [as handle_request] (/Users/insali100147/Documents/dev/projetos web/files/node_modules/express/lib/router/layer.js:95:5)\n    at trim_prefix (/Users/insali100147/Documents/dev/projetos web/files/node_modules/express/lib/router/index.js:328:13)\n    at /Users/insali100147/Documents/dev/projetos web/files/node_modules/express/lib/router/index.js:286:9\n    at Function.process_params (/Users/insali100147/Documents/dev/projetos web/files/node_modules/express/lib/router/index.js:346:12)\n    at next (/Users/insali100147/Documents/dev/projetos web/files/node_modules/express/lib/router/index.js:280:10)\n    at internalNext (/Users/insali100147/Documents/dev/projetos web/files/node_modules/helmet/index.cjs:537:6)","timestamp":"2026-04-12 15:34:10","url":"/api/relatorios?limit=4"}
{"level":"error","message":"CORS non autorisé par la configuration","stack":"Error: CORS non autorisé par la configuration\n    at origin (/Users/insali100147/Documents/dev/projetos web/files/src/index.ts:36:16)\n    at /Users/insali100147/Documents/dev/projetos web/files/node_modules/cors/lib/index.js:219:13\n    at optionsCallback (/Users/insali100147/Documents/dev/projetos web/files/node_modules/cors/lib/index.js:199:9)\n    at corsMiddleware (/Users/insali100147/Documents/dev/projetos web/files/node_modules/cors/lib/index.js:204:7)\n    at Layer.handle [as handle_request] (/Users/insali100147/Documents/dev/projetos web/files/node_modules/express/lib/router/layer.js:95:5)\n    at trim_prefix (/Users/insali100147/Documents/dev/projetos web/files/node_modules/express/lib/router/index.js:328:13)\n    at /Users/insali100147/Documents/dev/projetos web/files/node_modules/express/lib/router/index.js:286:9\n    at Function.process_params (/Users/insali100147/Documents/dev/projetos web/files/node_modules/express/lib/router/index.js:346:12)\n    at next (/Users/insali100147/Documents/dev/projetos web/files/node_modules/express/lib/router/index.js:280:10)\n    at internalNext (/Users/insali100147/Documents/dev/projetos web/files/node_modules/helmet/index.cjs:537:6)","timestamp":"2026-04-12 15:34:10","url":"/api/noticias?limit=5"}
{"level":"error","message":"CORS non autorisé par la configuration","stack":"Error: CORS non autorisé par la configuration\n    at origin (/Users/insali100147/Documents/dev/projetos web/files/src/index.ts:36:16)\n    at /Users/insali100147/Documents/dev/projetos web/files/node_modules/cors/lib/index.js:219:13\n    at optionsCallback (/Users/insali100147/Documents/dev/projetos web/files/node_modules/cors/lib/index.js:199:9)\n    at corsMiddleware (/Users/insali100147/Documents/dev/projetos web/files/node_modules/cors/lib/index.js:204:7)\n    at Layer.handle [as handle_request] (/Users/insali100147/Documents/dev/projetos web/files/node_modules/express/lib/router/layer.js:95:5)\n    at trim_prefix (/Users/insali100147/Documents/dev/projetos web/files/node_modules/express/lib/router/index.js:328:13)\n    at /Users/insali100147/Documents/dev/projetos web/files/node_modules/express/lib/router/index.js:286:9\n    at Function.process_params (/Users/insali100147/Documents/dev/projetos web/files/node_modules/express/lib/router/index.js:346:12)\n    at next (/Users/insali100147/Documents/dev/projetos web/files/node_modules/express/lib/router/index.js:280:10)\n    at internalNext (/Users/insali100147/Documents/dev/projetos web/files/node_modules/helmet/index.cjs:537:6)","timestamp":"2026-04-12 15:41:49","url":"/health"}
{"level":"error","message":"CORS non autorisé par la configuration","stack":"Error: CORS non autorisé par la configuration\n    at origin (/Users/insali100147/Documents/dev/projetos web/files/src/index.ts:36:16)\n    at /Users/insali100147/Documents/dev/projetos web/files/node_modules/cors/lib/index.js:219:13\n    at optionsCallback (/Users/insali100147/Documents/dev/projetos web/files/node_modules/cors/lib/index.js:199:9)\n    at corsMiddleware (/Users/insali100147/Documents/dev/projetos web/files/node_modules/cors/lib/index.js:204:7)\n    at Layer.handle [as handle_request] (/Users/insali100147/Documents/dev/projetos web/files/node_modules/express/lib/router/layer.js:95:5)\n    at trim_prefix (/Users/insali100147/Documents/dev/projetos web/files/node_modules/express/lib/router/index.js:328:13)\n    at /Users/insali100147/Documents/dev/projetos web/files/node_modules/express/lib/router/index.js:286:9\n    at Function.process_params (/Users/insali100147/Documents/dev/projetos web/files/node_modules/express/lib/router/index.js:346:12)\n    at next (/Users/insali100147/Documents/dev/projetos web/files/node_modules/express/lib/router/index.js:280:10)\n    at internalNext (/Users/insali100147/Documents/dev/projetos web/files/node_modules/helmet/index.cjs:537:6)","timestamp":"2026-04-12 15:41:49","url":"/api/projetos?estado=ativo&limit=3"}
{"level":"error","message":"CORS non autorisé par la configuration","stack":"Error: CORS non autorisé par la configuration\n    at origin (/Users/insali100147/Documents/dev/projetos web/files/src/index.ts:36:16)\n    at /Users/insali100147/Documents/dev/projetos web/files/node_modules/cors/lib/index.js:219:13\n    at optionsCallback (/Users/insali100147/Documents/dev/projetos web/files/node_modules/cors/lib/index.js:199:9)\n    at corsMiddleware (/Users/insali100147/Documents/dev/projetos web/files/node_modules/cors/lib/index.js:204:7)\n    at Layer.handle [as handle_request] (/Users/insali100147/Documents/dev/projetos web/files/node_modules/express/lib/router/layer.js:95:5)\n    at trim_prefix (/Users/insali100147/Documents/dev/projetos web/files/node_modules/express/lib/router/index.js:328:13)\n    at /Users/insali100147/Documents/dev/projetos web/files/node_modules/express/lib/router/index.js:286:9\n    at Function.process_params (/Users/insali100147/Documents/dev/projetos web/files/node_modules/express/lib/router/index.js:346:12)\n    at next (/Users/insali100147/Documents/dev/projetos web/files/node_modules/express/lib/router/index.js:280:10)\n    at internalNext (/Users/insali100147/Documents/dev/projetos web/files/node_modules/helmet/index.cjs:537:6)","timestamp":"2026-04-12 15:41:49","url":"/api/relatorios?limit=4"}
{"level":"error","message":"CORS non autorisé par la configuration","stack":"Error: CORS non autorisé par la configuration\n    at origin (/Users/insali100147/Documents/dev/projetos web/files/src/index.ts:36:16)\n    at /Users/insali100147/Documents/dev/projetos web/files/node_modules/cors/lib/index.js:219:13\n    at optionsCallback (/Users/insali100147/Documents/dev/projetos web/files/node_modules/cors/lib/index.js:199:9)\n    at corsMiddleware (/Users/insali100147/Documents/dev/projetos web/files/node_modules/cors/lib/index.js:204:7)\n    at Layer.handle [as handle_request] (/Users/insali100147/Documents/dev/projetos web/files/node_modules/express/lib/router/layer.js:95:5)\n    at trim_prefix (/Users/insali100147/Documents/dev/projetos web/files/node_modules/express/lib/router/index.js:328:13)\n    at /Users/insali100147/Documents/dev/projetos web/files/node_modules/express/lib/router/index.js:286:9\n    at Function.process_params (/Users/insali100147/Documents/dev/projetos web/files/node_modules/express/lib/router/index.js:346:12)\n    at next (/Users/insali100147/Documents/dev/projetos web/files/node_modules/express/lib/router/index.js:280:10)\n    at internalNext (/Users/insali100147/Documents/dev/projetos web/files/node_modules/helmet/index.cjs:537:6)","timestamp":"2026-04-12 15:41:49","url":"/api/noticias?limit=5"}
{"level":"info","message":"✅  MySQL conectado com sucesso","timestamp":"2026-04-12 15:43:10"}
{"level":"info","message":"🚀  Servidor a correr em http://localhost:3001","timestamp":"2026-04-12 15:43:10"}
{"level":"info","message":"📚  API disponível em  http://localhost:3001/api","timestamp":"2026-04-12 15:43:10"}
{"level":"error","message":"CORS non autorisé par la configuration","stack":"Error: CORS non autorisé par la configuration\n    at origin (/Users/insali100147/Documents/dev/projetos web/files/src/index.ts:36:16)\n    at /Users/insali100147/Documents/dev/projetos web/files/node_modules/cors/lib/index.js:219:13\n    at optionsCallback (/Users/insali100147/Documents/dev/projetos web/files/node_modules/cors/lib/index.js:199:9)\n    at corsMiddleware (/Users/insali100147/Documents/dev/projetos web/files/node_modules/cors/lib/index.js:204:7)\n    at Layer.handle [as handle_request] (/Users/insali100147/Documents/dev/projetos web/files/node_modules/express/lib/router/layer.js:95:5)\n    at trim_prefix (/Users/insali100147/Documents/dev/projetos web/files/node_modules/express/lib/router/index.js:328:13)\n    at /Users/insali100147/Documents/dev/projetos web/files/node_modules/express/lib/router/index.js:286:9\n    at Function.process_params (/Users/insali100147/Documents/dev/projetos web/files/node_modules/express/lib/router/index.js:346:12)\n    at next (/Users/insali100147/Documents/dev/projetos web/files/node_modules/express/lib/router/index.js:280:10)\n    at internalNext (/Users/insali100147/Documents/dev/projetos web/files/node_modules/helmet/index.cjs:537:6)","timestamp":"2026-04-12 15:43:56","url":"/health"}
{"level":"error","message":"CORS non autorisé par la configuration","stack":"Error: CORS non autorisé par la configuration\n    at origin (/Users/insali100147/Documents/dev/projetos web/files/src/index.ts:36:16)\n    at /Users/insali100147/Documents/dev/projetos web/files/node_modules/cors/lib/index.js:219:13\n    at optionsCallback (/Users/insali100147/Documents/dev/projetos web/files/node_modules/cors/lib/index.js:199:9)\n    at corsMiddleware (/Users/insali100147/Documents/dev/projetos web/files/node_modules/cors/lib/index.js:204:7)\n    at Layer.handle [as handle_request] (/Users/insali100147/Documents/dev/projetos web/files/node_modules/express/lib/router/layer.js:95:5)\n    at trim_prefix (/Users/insali100147/Documents/dev/projetos web/files/node_modules/express/lib/router/index.js:328:13)\n    at /Users/insali100147/Documents/dev/projetos web/files/node_modules/express/lib/router/index.js:286:9\n    at Function.process_params (/Users/insali100147/Documents/dev/projetos web/files/node_modules/express/lib/router/index.js:346:12)\n    at next (/Users/insali100147/Documents/dev/projetos web/files/node_modules/express/lib/router/index.js:280:10)\n    at internalNext (/Users/insali100147/Documents/dev/projetos web/files/node_modules/helmet/index.cjs:537:6)","timestamp":"2026-04-12 15:43:56","url":"/api/projetos?estado=ativo&limit=3"}
{"level":"error","message":"CORS non autorisé par la configuration","stack":"Error: CORS non autorisé par la configuration\n    at origin (/Users/insali100147/Documents/dev/projetos web/files/src/index.ts:36:16)\n    at /Users/insali100147/Documents/dev/projetos web/files/node_modules/cors/lib/index.js:219:13\n    at optionsCallback (/Users/insali100147/Documents/dev/projetos web/files/node_modules/cors/lib/index.js:199:9)\n    at corsMiddleware (/Users/insali100147/Documents/dev/projetos web/files/node_modules/cors/lib/index.js:204:7)\n    at Layer.handle [as handle_request] (/Users/insali100147/Documents/dev/projetos web/files/node_modules/express/lib/router/layer.js:95:5)\n    at trim_prefix (/Users/insali100147/Documents/dev/projetos web/files/node_modules/express/lib/router/index.js:328:13)\n    at /Users/insali100147/Documents/dev/projetos web/files/node_modules/express/lib/router/index.js:286:9\n    at Function.process_params (/Users/insali100147/Documents/dev/projetos web/files/node_modules/express/lib/router/index.js:346:12)\n    at next (/Users/insali100147/Documents/dev/projetos web/files/node_modules/express/lib/router/index.js:280:10)\n    at internalNext (/Users/insali100147/Documents/dev/projetos web/files/node_modules/helmet/index.cjs:537:6)","timestamp":"2026-04-12 15:43:56","url":"/api/relatorios?limit=4"}
{"level":"error","message":"CORS non autorisé par la configuration","stack":"Error: CORS non autorisé par la configuration\n    at origin (/Users/insali100147/Documents/dev/projetos web/files/src/index.ts:36:16)\n    at /Users/insali100147/Documents/dev/projetos web/files/node_modules/cors/lib/index.js:219:13\n    at optionsCallback (/Users/insali100147/Documents/dev/projetos web/files/node_modules/cors/lib/index.js:199:9)\n    at corsMiddleware (/Users/insali100147/Documents/dev/projetos web/files/node_modules/cors/lib/index.js:204:7)\n    at Layer.handle [as handle_request] (/Users/insali100147/Documents/dev/projetos web/files/node_modules/express/lib/router/layer.js:95:5)\n    at trim_prefix (/Users/insali100147/Documents/dev/projetos web/files/node_modules/express/lib/router/index.js:328:13)\n    at /Users/insali100147/Documents/dev/projetos web/files/node_modules/express/lib/router/index.js:286:9\n    at Function.process_params (/Users/insali100147/Documents/dev/projetos web/files/node_modules/express/lib/router/index.js:346:12)\n    at next (/Users/insali100147/Documents/dev/projetos web/files/node_modules/express/lib/router/index.js:280:10)\n    at internalNext (/Users/insali100147/Documents/dev/projetos web/files/node_modules/helmet/index.cjs:537:6)","timestamp":"2026-04-12 15:43:56","url":"/api/noticias?limit=5"}
{"level":"info","message":"✅  MySQL conectado com sucesso","timestamp":"2026-04-12 15:44:27"}
{"level":"info","message":"🚀  Servidor a correr em http://localhost:3001","timestamp":"2026-04-12 15:44:27"}
{"level":"info","message":"📚  API disponível em  http://localhost:3001/api","timestamp":"2026-04-12 15:44:27"}
{"level":"info","message":"✅  MySQL conectado com sucesso","timestamp":"2026-04-12 15:59:46"}
{"level":"info","message":"🚀  Servidor a correr em http://localhost:3001","timestamp":"2026-04-12 15:59:46"}
{"level":"info","message":"📚  API disponível em  http://localhost:3001/api","timestamp":"2026-04-12 15:59:46"}
{"level":"info","message":"✅  MySQL conectado com sucesso","timestamp":"2026-04-12 16:00:11"}
{"level":"info","message":"🚀  Servidor a correr em http://localhost:3001","timestamp":"2026-04-12 16:00:11"}
{"level":"info","message":"📚  API disponível em  http://localhost:3001/api","timestamp":"2026-04-12 16:00:11"}
{"level":"info","message":"✅  MySQL conectado com sucesso","timestamp":"2026-04-12 16:01:48"}
{"level":"info","message":"🚀  Servidor a correr em http://localhost:3001","timestamp":"2026-04-12 16:01:48"}
{"level":"info","message":"📚  API disponível em  http://localhost:3001/api","timestamp":"2026-04-12 16:01:48"}
{"level":"info","message":"✅  MySQL conectado com sucesso","timestamp":"2026-04-12 16:01:59"}
{"level":"info","message":"🚀  Servidor a correr em http://localhost:3001","timestamp":"2026-04-12 16:01:59"}
{"level":"info","message":"📚  API disponível em  http://localhost:3001/api","timestamp":"2026-04-12 16:01:59"}
{"level":"info","message":"✅  MySQL conectado com sucesso","timestamp":"2026-04-12 16:02:49"}
{"level":"info","message":"🚀  Servidor a correr em http://localhost:3001","timestamp":"2026-04-12 16:02:49"}
{"level":"info","message":"📚  API disponível em  http://localhost:3001/api","timestamp":"2026-04-12 16:02:49"}
{"level":"info","message":"✅  MySQL conectado com sucesso","timestamp":"2026-04-12 16:03:01"}
{"level":"info","message":"🚀  Servidor a correr em http://localhost:3001","timestamp":"2026-04-12 16:03:01"}
{"level":"info","message":"📚  API disponível em  http://localhost:3001/api","timestamp":"2026-04-12 16:03:01"}
{"level":"info","message":"✅  MySQL conectado com sucesso","timestamp":"2026-04-12 16:03:39"}
{"level":"info","message":"🚀  Servidor a correr em http://localhost:3001","timestamp":"2026-04-12 16:03:39"}
{"level":"info","message":"📚  API disponível em  http://localhost:3001/api","timestamp":"2026-04-12 16:03:39"}
{"level":"info","message":"✅  MySQL conectado com sucesso","timestamp":"2026-04-12 16:05:45"}
{"level":"info","message":"🚀  Servidor a correr em http://localhost:3001","timestamp":"2026-04-12 16:05:45"}
{"level":"info","message":"📚  API disponível em  http://localhost:3001/api","timestamp":"2026-04-12 16:05:45"}
{"level":"info","message":"✅  MySQL conectado com sucesso","timestamp":"2026-04-12 16:08:37"}
{"level":"info","message":"🚀  Servidor a correr em http://localhost:3001","timestamp":"2026-04-12 16:08:37"}
{"level":"info","message":"📚  API disponível em  http://localhost:3001/api","timestamp":"2026-04-12 16:08:37"}
{"level":"info","message":"✅  MySQL conectado com sucesso","timestamp":"2026-04-12 16:09:48"}
{"level":"info","message":"🚀  Servidor a correr em http://localhost:3001","timestamp":"2026-04-12 16:09:48"}
{"level":"info","message":"📚  API disponível em  http://localhost:3001/api","timestamp":"2026-04-12 16:09:48"}
{"level":"info","message":"✅  MySQL conectado com sucesso","timestamp":"2026-04-12 16:11:45"}
{"level":"info","message":"🚀  Servidor a correr em http://localhost:3001","timestamp":"2026-04-12 16:11:45"}
{"level":"info","message":"📚  API disponível em  http://localhost:3001/api","timestamp":"2026-04-12 16:11:45"}
{"level":"info","message":"✅  MySQL conectado com sucesso","timestamp":"2026-04-12 16:21:43"}
{"level":"info","message":"🚀  Servidor a correr em http://localhost:3001","timestamp":"2026-04-12 16:21:43"}
{"level":"info","message":"📚  API disponível em  http://localhost:3001/api","timestamp":"2026-04-12 16:21:43"}
{"level":"info","message":"✅  MySQL conectado com sucesso","timestamp":"2026-04-13 08:28:58"}
{"level":"info","message":"🚀  Servidor a correr em http://localhost:3001","timestamp":"2026-04-13 08:28:58"}
{"level":"info","message":"📚  API disponível em  http://localhost:3001/api","timestamp":"2026-04-13 08:28:58"}
{"level":"info","message":"✅  MySQL conectado com sucesso","timestamp":"2026-04-13 08:33:52"}
{"level":"info","message":"🚀  Servidor a correr em http://localhost:3001","timestamp":"2026-04-13 08:33:52"}
{"level":"info","message":"📚  API disponível em  http://localhost:3001/api","timestamp":"2026-04-13 08:33:52"}
{"level":"info","message":"✅  MySQL conectado com sucesso","timestamp":"2026-04-13 08:34:33"}
{"level":"info","message":"🚀  Servidor a correr em http://localhost:3001","timestamp":"2026-04-13 08:34:33"}
{"level":"info","message":"📚  API disponível em  http://localhost:3001/api","timestamp":"2026-04-13 08:34:33"}
{"level":"info","message":"✅  MySQL conectado com sucesso","timestamp":"2026-04-13 08:37:55"}
{"level":"info","message":"🚀  Servidor a correr em http://localhost:3001","timestamp":"2026-04-13 08:37:55"}
{"level":"info","message":"📚  API disponível em  http://localhost:3001/api","timestamp":"2026-04-13 08:37:55"}
{"level":"info","message":"✅  MySQL conectado com sucesso","timestamp":"2026-04-13 08:38:18"}
{"level":"info","message":"🚀  Servidor a correr em http://localhost:3001","timestamp":"2026-04-13 08:38:18"}
{"level":"info","message":"📚  API disponível em  http://localhost:3001/api","timestamp":"2026-04-13 08:38:18"}
{"level":"info","message":"✅  MySQL conectado com sucesso","timestamp":"2026-04-13 08:44:55"}
{"level":"info","message":"🚀  Servidor a correr em http://localhost:3001","timestamp":"2026-04-13 08:44:55"}
{"level":"info","message":"📚  API disponível em  http://localhost:3001/api","timestamp":"2026-04-13 08:44:55"}
{"level":"info","message":"✅  MySQL conectado com sucesso","timestamp":"2026-04-13 08:45:37"}
{"level":"info","message":"🚀  Servidor a correr em http://localhost:3001","timestamp":"2026-04-13 08:45:37"}
{"level":"info","message":"📚  API disponível em  http://localhost:3001/api","timestamp":"2026-04-13 08:45:37"}
{"level":"info","message":"✅  MySQL conectado com sucesso","timestamp":"2026-04-13 15:43:05"}
{"level":"info","message":"🚀  Servidor a correr em http://localhost:3001","timestamp":"2026-04-13 15:43:05"}
{"level":"info","message":"📚  API disponível em  http://localhost:3001/api","timestamp":"2026-04-13 15:43:05"}
{"level":"info","message":"✅  MySQL conectado com sucesso","timestamp":"2026-04-14 15:54:42"}
{"level":"info","message":"🚀  Servidor a correr em http://localhost:3001","timestamp":"2026-04-14 15:54:42"}
{"level":"info","message":"📚  API disponível em  http://localhost:3001/api","timestamp":"2026-04-14 15:54:42"}
{"level":"info","message":"✅  MySQL conectado com sucesso","timestamp":"2026-04-14 16:50:05"}
{"level":"info","message":"🚀  Servidor a correr em http://localhost:3001","timestamp":"2026-04-14 16:50:05"}
{"level":"info","message":"📚  API disponível em  http://localhost:3001/api","timestamp":"2026-04-14 16:50:05"}
{"level":"info","message":"✅  MySQL conectado com sucesso","timestamp":"2026-04-15 09:22:18"}
{"level":"info","message":"🚀  Servidor a correr em http://localhost:3001","timestamp":"2026-04-15 09:22:18"}
{"level":"info","message":"📚  API disponível em  http://localhost:3001/api","timestamp":"2026-04-15 09:22:18"}
{"level":"info","message":"✅  MySQL conectado com sucesso","timestamp":"2026-04-15 09:23:11"}
{"level":"info","message":"🚀  Servidor a correr em http://localhost:3001","timestamp":"2026-04-15 09:23:11"}
{"level":"info","message":"📚  API disponível em  http://localhost:3001/api","timestamp":"2026-04-15 09:23:11"}
{"level":"info","message":"✅  MySQL conectado com sucesso","timestamp":"2026-04-15 10:55:46"}
{"level":"info","message":"🚀  Servidor a correr em http://localhost:3001","timestamp":"2026-04-15 10:55:46"}
{"level":"info","message":"📚  API disponível em  http://localhost:3001/api","timestamp":"2026-04-15 10:55:46"}
{"level":"error","message":"Credenciais inválidas","stack":"Error: Credenciais inválidas\n    at login (/Users/insali100147/Documents/dev/projetos web/electroguin/backend/src/controllers/authController.ts:31:21)","timestamp":"2026-04-15 10:57:49","url":"/api/auth/login"}
{"level":"error","message":"Credenciais inválidas","stack":"Error: Credenciais inválidas\n    at login (/Users/insali100147/Documents/dev/projetos web/electroguin/backend/src/controllers/authController.ts:31:21)","timestamp":"2026-04-15 11:13:39","url":"/api/auth/login"}
{"level":"error","message":"Credenciais inválidas","stack":"Error: Credenciais inválidas\n    at login (/Users/insali100147/Documents/dev/projetos web/electroguin/backend/src/controllers/authController.ts:31:21)","timestamp":"2026-04-15 11:13:48","url":"/api/auth/login"}
{"level":"error","message":"Credenciais inválidas","stack":"Error: Credenciais inválidas\n    at login (/Users/insali100147/Documents/dev/projetos web/electroguin/backend/src/controllers/authController.ts:31:21)","timestamp":"2026-04-15 11:13:52","url":"/api/auth/login"}
{"level":"error","message":"Credenciais inválidas","stack":"Error: Credenciais inválidas\n    at login (/Users/insali100147/Documents/dev/projetos web/electroguin/backend/src/controllers/authController.ts:31:21)","timestamp":"2026-04-15 11:14:45","url":"/api/auth/login"}
{"level":"info","message":"Login: admin@enerconsult.gw (admin)","timestamp":"2026-04-15 11:22:14"}
{"level":"info","message":"Login: admin@eletroguin.gw (admin)","timestamp":"2026-04-15 11:30:46"}
{"level":"info","message":"Login: admin@eletroguin.gw (admin)","timestamp":"2026-04-15 13:06:38"}
{"level":"info","message":"Login: editor@eletroguin.gw (editor)","timestamp":"2026-04-15 13:25:42"}
{"level":"error","message":"titulo, descricao e categoria_id são obrigatórios","stack":"Error: titulo, descricao e categoria_id são obrigatórios\n    at criar (/Users/insali100147/Documents/dev/projetos web/electroguin/backend/src/controllers/projetosController.ts:87:11)\n    at /Users/insali100147/Documents/dev/projetos web/electroguin/backend/src/middleware/error.ts:7:21\n    at Layer.handle [as handle_request] (/Users/insali100147/Documents/dev/projetos web/electroguin/backend/node_modules/express/lib/router/layer.js:95:5)\n    at next (/Users/insali100147/Documents/dev/projetos web/electroguin/backend/node_modules/express/lib/router/route.js:149:13)\n    at /Users/insali100147/Documents/dev/projetos web/electroguin/backend/src/middleware/auth.ts:30:5\n    at Layer.handle [as handle_request] (/Users/insali100147/Documents/dev/projetos web/electroguin/backend/node_modules/express/lib/router/layer.js:95:5)\n    at next (/Users/insali100147/Documents/dev/projetos web/electroguin/backend/node_modules/express/lib/router/route.js:149:13)\n    at autenticar (/Users/insali100147/Documents/dev/projetos web/electroguin/backend/src/middleware/auth.ts:18:5)\n    at Layer.handle [as handle_request] (/Users/insali100147/Documents/dev/projetos web/electroguin/backend/node_modules/express/lib/router/layer.js:95:5)\n    at next (/Users/insali100147/Documents/dev/projetos web/electroguin/backend/node_modules/express/lib/router/route.js:149:13)","timestamp":"2026-04-15 13:25:56","url":"/api/projetos"}
{"level":"info","message":"Login: visual@eletroguin.gw (viewer)","timestamp":"2026-04-15 13:26:40"}
{"level":"info","message":"✅  MySQL conectado com sucesso","timestamp":"2026-04-16 21:23:10"}
{"level":"info","message":"🚀  Servidor a correr em http://localhost:3001","timestamp":"2026-04-16 21:23:10"}
{"level":"info","message":"📚  API disponível em  http://localhost:3001/api","timestamp":"2026-04-16 21:23:10"}
{"level":"info","message":"Login: admin@eletroguin.gw (admin) primeiro_login=false","timestamp":"2026-04-16 21:24:57"}
{"level":"info","message":"Login: visual@eletroguin.gw (viewer) primeiro_login=false","timestamp":"2026-04-16 21:28:54"}
{"level":"info","message":"Login: visual@eletroguin.gw (viewer) primeiro_login=false","timestamp":"2026-04-16 21:29:07"}
{"level":"info","message":"Login: admin@eletroguin.gw (admin) primeiro_login=false","timestamp":"2026-04-16 21:34:20"}
{"level":"info","message":"✅  MySQL conectado com sucesso","timestamp":"2026-04-16 22:25:14"}
{"level":"info","message":"🚀  Servidor:  http://localhost:3001","timestamp":"2026-04-16 22:25:14"}
{"level":"info","message":"📁  Uploads:   http://localhost:3001/uploads","timestamp":"2026-04-16 22:25:14"}
{"level":"info","message":"📚  API:       http://localhost:3001/api","timestamp":"2026-04-16 22:25:14"}
{"level":"info","message":"✅  MySQL conectado com sucesso","timestamp":"2026-04-16 22:30:51"}
{"level":"info","message":"🚀  Servidor:  http://localhost:3001","timestamp":"2026-04-16 22:30:51"}
{"level":"info","message":"📁  Uploads:   http://localhost:3001/uploads","timestamp":"2026-04-16 22:30:51"}
{"level":"info","message":"📚  API:       http://localhost:3001/api","timestamp":"2026-04-16 22:30:51"}
{"level":"info","message":"✅  MySQL conectado com sucesso","timestamp":"2026-04-16 22:31:08"}
{"level":"info","message":"🚀  Servidor:  http://localhost:3001","timestamp":"2026-04-16 22:31:08"}
{"level":"info","message":"📁  Uploads:   http://localhost:3001/uploads","timestamp":"2026-04-16 22:31:08"}
{"level":"info","message":"📚  API:       http://localhost:3001/api","timestamp":"2026-04-16 22:31:08"}
{"level":"info","message":"✅  MySQL conectado com sucesso","timestamp":"2026-04-17 09:48:34"}
{"level":"info","message":"🚀  Servidor:  http://localhost:3001","timestamp":"2026-04-17 09:48:34"}
{"level":"info","message":"📁  Uploads:   http://localhost:3001/uploads","timestamp":"2026-04-17 09:48:34"}
{"level":"info","message":"📚  API:       http://localhost:3001/api","timestamp":"2026-04-17 09:48:34"}
{"level":"info","message":"Login: admin@eletroguin.gw (admin) primeiro_login=false","timestamp":"2026-04-17 09:58:41"}
{"level":"info","message":"Login: visual@eletroguin.gw (viewer) primeiro_login=false","timestamp":"2026-04-17 10:34:13"}
{"level":"error","message":"Credenciais inválidas","stack":"Error: Credenciais inválidas\n    at login (/Users/insali100147/Documents/dev/projetos web/electroguin/backend/src/controllers/authController.ts:33:21)","timestamp":"2026-04-17 10:35:05","url":"/api/auth/login"}
{"level":"info","message":"Login: admin@eletroguin.gw (admin) primeiro_login=false","timestamp":"2026-04-17 10:35:12"}
{"level":"info","message":"Login: admin@eletroguin.gw (admin) primeiro_login=false","timestamp":"2026-04-17 10:44:35"}
{"level":"info","message":"✅  MySQL conectado com sucesso","timestamp":"2026-04-17 11:02:25"}
{"level":"info","message":"🚀  Servidor:  http://localhost:3001","timestamp":"2026-04-17 11:02:25"}
{"level":"info","message":"📁  Uploads:   http://localhost:3001/uploads","timestamp":"2026-04-17 11:02:25"}
{"level":"info","message":"📚  API:       http://localhost:3001/api","timestamp":"2026-04-17 11:02:25"}
{"level":"info","message":"Login: admin@eletroguin.gw (admin) primeiro_login=false","timestamp":"2026-04-17 11:02:39"}
{"level":"info","message":"✅  MySQL conectado com sucesso","timestamp":"2026-04-20 11:34:20"}
{"level":"info","message":"🚀  Servidor:  http://localhost:3001","timestamp":"2026-04-20 11:34:20"}
{"level":"info","message":"📁  Uploads:   http://localhost:3001/uploads","timestamp":"2026-04-20 11:34:20"}
{"level":"info","message":"📚  API:       http://localhost:3001/api","timestamp":"2026-04-20 11:34:20"}
{"level":"info","message":"Login: admin@eletroguin.gw (admin) primeiro_login=false","timestamp":"2026-04-20 11:36:46"}
{"level":"info","message":"Login: admin@eletroguin.gw (admin) primeiro_login=false","timestamp":"2026-04-20 11:44:47"}
{"level":"info","message":"Login: admin@eletroguin.gw (admin) primeiro_login=false","timestamp":"2026-04-20 12:44:37"}
{"level":"info","message":"✅  MySQL conectado com sucesso","timestamp":"2026-04-21 09:30:05"}
{"level":"info","message":"🚀  Servidor:  http://localhost:3001","timestamp":"2026-04-21 09:30:05"}
{"level":"info","message":"📁  Uploads:   http://localhost:3001/uploads","timestamp":"2026-04-21 09:30:05"}
{"level":"info","message":"📚  API:       http://localhost:3001/api","timestamp":"2026-04-21 09:30:05"}
{"level":"info","message":"Login: admin@eletroguin.gw (admin) primeiro_login=false","timestamp":"2026-04-21 09:30:55"}
{"level":"info","message":"Login: admin@eletroguin.gw (admin) primeiro_login=false","timestamp":"2026-04-21 10:37:15"}
{"level":"info","message":"✅  MySQL conectado com sucesso","timestamp":"2026-05-03 17:08:13"}
{"level":"info","message":"🚀  Servidor:  http://localhost:3001","timestamp":"2026-05-03 17:08:13"}
{"level":"info","message":"📁  Uploads:   http://localhost:3001/uploads","timestamp":"2026-05-03 17:08:13"}
{"level":"info","message":"📚  API:       http://localhost:3001/api","timestamp":"2026-05-03 17:08:13"}
{"level":"info","message":"Login: admin@eletroguin.gw (admin) primeiro_login=false","timestamp":"2026-05-03 17:37:25"}
{"level":"info","message":"✅  MySQL conectado com sucesso","timestamp":"2026-05-03 18:30:42"}
{"level":"info","message":"🚀  Servidor:  http://localhost:3001","timestamp":"2026-05-03 18:30:42"}
{"level":"info","message":"📁  Uploads:   http://localhost:3001/uploads","timestamp":"2026-05-03 18:30:42"}
{"level":"info","message":"📚  API:       http://localhost:3001/api","timestamp":"2026-05-03 18:30:42"}
{"level":"info","message":"✅  MySQL conectado com sucesso","timestamp":"2026-05-04 14:57:07"}
{"level":"info","message":"🚀  Servidor:  http://localhost:3001","timestamp":"2026-05-04 14:57:07"}
{"level":"info","message":"📁  Uploads:   http://localhost:3001/uploads","timestamp":"2026-05-04 14:57:07"}
{"level":"info","message":"📚  API:       http://localhost:3001/api","timestamp":"2026-05-04 14:57:07"}
{"level":"info","message":"Login: admin@eletroguin.gw (admin) primeiro_login=false","timestamp":"2026-05-04 15:07:15"}
{"level":"info","message":"Login: admin@eletroguin.gw (admin) primeiro_login=false","timestamp":"2026-05-04 16:09:45"}
{"level":"info","message":"✅  MySQL conectado com sucesso","timestamp":"2026-05-05 12:10:40"}
{"level":"info","message":"🚀  Servidor:  http://localhost:3001","timestamp":"2026-05-05 12:10:40"}
{"level":"info","message":"📁  Uploads:   http://localhost:3001/uploads","timestamp":"2026-05-05 12:10:40"}
{"level":"info","message":"📚  API:       http://localhost:3001/api","timestamp":"2026-05-05 12:10:40"}
{"level":"info","message":"✅  MySQL conectado com sucesso","timestamp":"2026-05-11 09:37:20"}
{"level":"info","message":"🚀  Servidor:  http://localhost:3001","timestamp":"2026-05-11 09:37:20"}
{"level":"info","message":"📁  Uploads:   http://localhost:3001/uploads","timestamp":"2026-05-11 09:37:20"}
{"level":"info","message":"📚  API:       http://localhost:3001/api","timestamp":"2026-05-11 09:37:20"}
{"level":"info","message":"Login: admin@eletroguin.gw (admin) primeiro_login=false","timestamp":"2026-05-11 10:44:30"}
{"level":"info","message":"✅  MySQL conectado com sucesso","timestamp":"2026-05-13 08:39:42"}
{"level":"info","message":"🚀  Servidor:  http://localhost:3001","timestamp":"2026-05-13 08:39:42"}
{"level":"info","message":"📁  Uploads:   http://localhost:3001/uploads","timestamp":"2026-05-13 08:39:42"}
{"level":"info","message":"📚  API:       http://localhost:3001/api","timestamp":"2026-05-13 08:39:42"}
{"level":"info","message":"✅  MySQL conectado com sucesso","timestamp":"2026-05-13 09:37:54"}
{"level":"info","message":"🚀  Servidor:  http://localhost:3001","timestamp":"2026-05-13 09:37:54"}
{"level":"info","message":"📁  Uploads:   http://localhost:3001/uploads","timestamp":"2026-05-13 09:37:54"}
{"level":"info","message":"📚  API:       http://localhost:3001/api","timestamp":"2026-05-13 09:37:54"}
{"level":"info","message":"✅  MySQL conectado com sucesso","timestamp":"2026-05-14 17:08:23"}
{"level":"info","message":"🚀  Servidor:  http://localhost:3001","timestamp":"2026-05-14 17:08:23"}
{"level":"info","message":"📁  Uploads:   http://localhost:3001/uploads","timestamp":"2026-05-14 17:08:23"}
{"level":"info","message":"📚  API:       http://localhost:3001/api","timestamp":"2026-05-14 17:08:23"}
{"level":"info","message":"✅  MySQL conectado com sucesso","timestamp":"2026-05-14 17:10:00"}
{"level":"info","message":"🚀  Servidor:  http://localhost:3001","timestamp":"2026-05-14 17:10:00"}
{"level":"info","message":"📁  Uploads:   http://localhost:3001/uploads","timestamp":"2026-05-14 17:10:00"}
{"level":"info","message":"📚  API:       http://localhost:3001/api","timestamp":"2026-05-14 17:10:00"}
{"level":"info","message":"✅  MySQL conectado com sucesso","timestamp":"2026-05-14 17:12:52"}
{"level":"info","message":"🚀  Servidor:  http://localhost:3001","timestamp":"2026-05-14 17:12:52"}
{"level":"info","message":"📁  Uploads:   http://localhost:3001/uploads","timestamp":"2026-05-14 17:12:52"}
{"level":"info","message":"📚  API:       http://localhost:3001/api","timestamp":"2026-05-14 17:12:52"}
{"level":"info","message":"✅  MySQL conectado com sucesso","timestamp":"2026-05-15 08:26:30"}
{"level":"info","message":"🚀  Servidor:  http://localhost:3001","timestamp":"2026-05-15 08:26:30"}
{"level":"info","message":"📁  Uploads:   http://localhost:3001/uploads","timestamp":"2026-05-15 08:26:30"}
{"level":"info","message":"📚  API:       http://localhost:3001/api","timestamp":"2026-05-15 08:26:30"}
{"level":"info","message":"✅  MySQL conectado com sucesso","timestamp":"2026-05-15 08:30:24"}
{"level":"info","message":"🚀  Servidor:  http://localhost:3001","timestamp":"2026-05-15 08:30:24"}
{"level":"info","message":"📁  Uploads:   http://localhost:3001/uploads","timestamp":"2026-05-15 08:30:24"}
{"level":"info","message":"📚  API:       http://localhost:3001/api","timestamp":"2026-05-15 08:30:24"}
{"level":"info","message":"✅  MySQL conectado com sucesso","timestamp":"2026-05-15 08:33:41"}
{"level":"info","message":"🚀  Servidor:  http://localhost:3001","timestamp":"2026-05-15 08:33:41"}
{"level":"info","message":"📁  Uploads:   http://localhost:3001/uploads","timestamp":"2026-05-15 08:33:41"}
{"level":"info","message":"📚  API:       http://localhost:3001/api","timestamp":"2026-05-15 08:33:41"}
